[2022-11-14 02:41:58,798] logger_utils.py->print_log line:20 [INFO]----------------获取鉴权码-正例接口测试开始----------------
[2022-11-14 02:41:58,798] logger_utils.py->print_log line:20 [INFO]base_url没有value,请确认
[2022-11-14 02:41:58,798] logger_utils.py->print_log line:20 [INFO]请求方式：get
[2022-11-14 02:41:58,799] logger_utils.py->error_log line:15 [ERROR]requests_utils模块send_all_request方法报错：Traceback (most recent call last):
  File "D:\Python_project\ms-jiekou\commons\requests_util.py", line 93, in send_all_request
    url = self.replace_get_value(base_url + url)
                                 ~~~~~~~~~^~~~~
TypeError: unsupported operand type(s) for +: 'NoneType' and 'str'

[2022-11-14 02:41:58,801] logger_utils.py->error_log line:15 [ERROR]requests_utils模块standard_yaml_testcase方法报错：Traceback (most recent call last):
  File "D:\Python_project\ms-jiekou\commons\requests_util.py", line 93, in send_all_request
    url = self.replace_get_value(base_url + url)
                                 ~~~~~~~~~^~~~~
TypeError: unsupported operand type(s) for +: 'NoneType' and 'str'

During handling of the above exception, another exception occurred:

Traceback (most recent call last):
  File "D:\Python_project\ms-jiekou\commons\requests_util.py", line 39, in standard_yaml_testcase
    res = self.send_all_request(method, url, base_url, **caseinfo['request'])
          ^^^^^^^^^^^^^^^^^^^^^^^^^^^^^^^^^^^^^^^^^^^^^^^^^^^^^^^^^^^^^^^^^^^
  File "D:\Python_project\ms-jiekou\commons\requests_util.py", line 110, in send_all_request
    error_log("requests_utils模块send_all_request方法报错：%s" % str(traceback.format_exc()))
  File "D:\Python_project\ms-jiekou\commons\logger_utils.py", line 16, in error_log
    raise AssertionError(message)
AssertionError: requests_utils模块send_all_request方法报错：Traceback (most recent call last):
  File "D:\Python_project\ms-jiekou\commons\requests_util.py", line 93, in send_all_request
    url = self.replace_get_value(base_url + url)
                                 ~~~~~~~~~^~~~~
TypeError: unsupported operand type(s) for +: 'NoneType' and 'str'


